
> proveniq-pet-911@0.1.0 build
> npm run sync-env && next build


> proveniq-pet-911@0.1.0 sync-env
> node scripts/sync-env.js

≡ƒöä Syncing Environment Variables...
   Looking for Master Env at: C:\Users\Admin1\Desktop\AI Projects\PROVENIQ\ADMIN\.env.master
node.exe : ΓÜá∩╕Å  
WARNING: Could not find 
Master ENV at: C:\Users\Ad
min1\Desktop\AI Projects\P
ROVENIQ\ADMIN\.env.master
At line:1 char:1
+ & "C:\nvm4w\nodejs/node.
exe" "C:\nvm4w\nodejs/node
_modules/npm/bin/np ...
+ ~~~~~~~~~~~~~~~~~~~~~~~~
~~~~~~~~~~~~~~~~~~~~~~~~~~
~~~~~~~~~~~~~~~~~~~
    + CategoryInfo        
      : NotSpecified: (Γ  
  Üá∩╕Å  WARNING...MIN\   
 .env.master:String) [    
], RemoteException
    + FullyQualifiedError 
   Id : NativeCommandErr  
  or
 
   Ensure the "ADMIN" 
folder is a sibling to 
this project folder.
Γ£à .env generated successfully!
   - Master Source: ADMIN/.env.master (0 vars)
   - Local Overrides: .env.local (3 vars)
   - Total Active: 3 variables
  Γû▓ Next.js 14.2.0
  - Environments: .env.local, .env

   Creating an optimized production build ...
 Γ£ô Compiled successfully
   Linting and checking validity of types ...
Failed to compile.

./src/lib/ai/SupportCompan
ionPersona.ts:349:59
Type error: Property 
'OPENINGS' does not exist 
on type '{ VERSION: 
string; SYSTEM_IDENTITY: 
{ name: string; role: 
string; capabilities: 
string[]; limitations: 
string[]; }; 
SAFETY_PROTOCOL: { 
DISCLAIMER: { text: 
string; triggerFrequency: 
string; display: string; 
acknowledgementRequired: 
boolean; }; GEOLOCATION: 
{ ...; }; 
LANGUAGE_DETECTION: { 
...; }; 
TIME_ZONE_AWARENESS: ...'.

[0m [90m 347 |[39m 
[36mimport[39m 
companionConfig 
[36mfrom[39m [32m'../co
nfig/companion-config.json
'[39m[33m;[39m[0m
[0m [90m 348 |[39m[0m
[0m[31m[1m>[22m[39m[
90m 349 |[39m 
[36mexport[39m 
[36mconst[39m [33mSUPPO
RT_COMPANION_OPENINGS[39m
 [33m=[39m companionConf
ig[33m.[39m[33mOPENINGS
[39m[33m;[39m[0m
[0m [90m     |[39m     
                          
                          
  [31m[1m^[22m[39m[0m
[0m [90m 350 |[39m 
[36mexport[39m 
[36mconst[39m [33mSUPPO
RT_COMPANION_CONFIG[39m 
[33m=[39m companionConfi
g[33m.[39m[33mCONFIG[3
9m[33m;[39m[0m
[0m [90m 351 |[39m 
[36mexport[39m 
[36mconst[39m [33mCRISI
S_QUICK_ACTIONS[39m 
[33m=[39m companionConfi
g[33m.[39m[33mQUICK_ACT
IONS[39m [36mas[39m 
any[33m;[39m[0m
[0m [90m 352 |[39m[0m
