
> proveniq-Pet911@0.1.0 test
> jest

node.exe : PASS __tests__/
moderator-gating.test.ts
At line:1 char:1
+ & "C:\nvm4w\nodejs/node.
exe" "C:\nvm4w\nodejs/node
_modules/npm/bin/np ...
+ ~~~~~~~~~~~~~~~~~~~~~~~~
~~~~~~~~~~~~~~~~~~~~~~~~~~
~~~~~~~~~~~~~~~~~~~
    + CategoryInfo        
      : NotSpecified: (P  
  ASS __tests__/moderat   
 or-gating.test.ts:Str    
ing) [], RemoteExcept    
ion
    + FullyQualifiedError 
   Id : NativeCommandErr  
  or
 
PASS __tests__/county-pack
-cache.test.ts
PASS __tests__/offline-que
ue.test.ts
PASS __tests__/crisis-read
iness.test.ts
  ΓùÅ Console

    console.log
      STRESS_LOG: 
Processed 100 actions in 
51ms

      at __tests__/crisis-
readiness.test.ts:53:21

    console.log
      PRIVACY_AUDIT: 
Detected PII in payload 
(Permissible for v1 
Rescue, must be encrypted 
in v2)

      at __tests__/crisis-
readiness.test.ts:107:21

FAIL __tests__/counselor-e
ngine.test.ts
  ΓùÅ Suicide Risk Triage 
ΓÇ║ Active Intent 
Detection (Critical) ΓÇ║ 
should detect active 
intent: "I have pills and 
I'm going to take them 
..."

    expect(received).toCon
tain(expected) // indexOf

    Expected substring: 
"Your life matters"
    Received string:    
"**I need you to know: 
your life matters. Right 
now, in this moment, your 
life has value.**┬╖
    If you are in 
immediate danger of 
acting on these thoughts, 
please:┬╖
    ≡ƒô₧ **CALL {HOTLINES.
{REGION}.crisis_988}** 
ΓÇö Available 24/7, call 
or text
    ≡ƒô▒ **{HOTLINES.{REGI
ON}.crisis_text_line}**
    ≡ƒô₧ **Veterinary 
Social Work Helpline: {HOT
LINES.US.ut_vet_social_wor
k}**┬╖
    If you are in 
immediate danger: **Call {
HOTLINES.{REGION}.emergenc
y}**┬╖
    **I can't keep you 
safe alone, but I can 
stay with you while you 
reach out.**┬╖
    Your pet loved you. 
That love doesn't end. 
But you have to stay 
alive to honor it."

    [0m [90m 86 |[39m  
       [90m// Must 
contain crisis 
resources[39m
     [90m 87 |[39m      
   expect(result[33m.[39
mresponse)[33m.[39mtoCon
tain([32m'988'[39m)[33m
;[39m
    
[31m[1m>[22m[39m[90m 
88 |[39m         expect(r
esult[33m.[39mresponse)
[33m.[39mtoContain([32m'
Your life 
matters'[39m)[33m;[39m
     [90m    |[39m      
                          
 [31m[1m^[22m[39m
     [90m 89 |[39m      
   expect(result[33m.[39
mresponse)[33m.[39mtoCon
tain([32m'865-755-8839'[
39m)[33m;[39m
     [90m 90 |[39m      
 })[33m;[39m
     [90m 91 |[39m     
})[33m;[39m[0m

      at 
Object.<anonymous> (__test
s__/counselor-engine.test.
ts:88:33)

  ΓùÅ Suicide Risk Triage 
ΓÇ║ Active Intent 
Detection (Critical) ΓÇ║ 
should detect active 
intent: "This is my final 
message, goodbye..."

    expect(received).toCon
tain(expected) // indexOf

    Expected substring: 
"Your life matters"
    Received string:    
"**I need you to know: 
your life matters. Right 
now, in this moment, your 
life has value.**┬╖
    If you are in 
immediate danger of 
acting on these thoughts, 
please:┬╖
    ≡ƒô₧ **CALL {HOTLINES.
{REGION}.crisis_988}** 
ΓÇö Available 24/7, call 
or text
    ≡ƒô▒ **{HOTLINES.{REGI
ON}.crisis_text_line}**
    ≡ƒô₧ **Veterinary 
Social Work Helpline: {HOT
LINES.US.ut_vet_social_wor
k}**┬╖
    If you are in 
immediate danger: **Call {
HOTLINES.{REGION}.emergenc
y}**┬╖
    **I can't keep you 
safe alone, but I can 
stay with you while you 
reach out.**┬╖
    Your pet loved you. 
That love doesn't end. 
But you have to stay 
alive to honor it."

    [0m [90m 86 |[39m  
       [90m// Must 
contain crisis 
resources[39m
     [90m 87 |[39m      
   expect(result[33m.[39
mresponse)[33m.[39mtoCon
tain([32m'988'[39m)[33m
;[39m
    
[31m[1m>[22m[39m[90m 
88 |[39m         expect(r
esult[33m.[39mresponse)
[33m.[39mtoContain([32m'
Your life 
matters'[39m)[33m;[39m
     [90m    |[39m      
                          
 [31m[1m^[22m[39m
     [90m 89 |[39m      
   expect(result[33m.[39
mresponse)[33m.[39mtoCon
tain([32m'865-755-8839'[
39m)[33m;[39m
     [90m 90 |[39m      
 })[33m;[39m
     [90m 91 |[39m     
})[33m;[39m[0m

      at 
Object.<anonymous> (__test
s__/counselor-engine.test.
ts:88:33)

  ΓùÅ Suicide Risk Triage 
ΓÇ║ Active Intent 
Detection (Critical) ΓÇ║ 
should detect active 
intent: "I have a plan to 
end it all..."

    expect(received).toCon
tain(expected) // indexOf

    Expected substring: 
"Your life matters"
    Received string:    
"**I need you to know: 
your life matters. Right 
now, in this moment, your 
life has value.**┬╖
    If you are in 
immediate danger of 
acting on these thoughts, 
please:┬╖
    ≡ƒô₧ **CALL {HOTLINES.
{REGION}.crisis_988}** 
ΓÇö Available 24/7, call 
or text
    ≡ƒô▒ **{HOTLINES.{REGI
ON}.crisis_text_line}**
    ≡ƒô₧ **Veterinary 
Social Work Helpline: {HOT
LINES.US.ut_vet_social_wor
k}**┬╖
    If you are in 
immediate danger: **Call {
HOTLINES.{REGION}.emergenc
y}**┬╖
    **I can't keep you 
safe alone, but I can 
stay with you while you 
reach out.**┬╖
    Your pet loved you. 
That love doesn't end. 
But you have to stay 
alive to honor it."

    [0m [90m 86 |[39m  
       [90m// Must 
contain crisis 
resources[39m
     [90m 87 |[39m      
   expect(result[33m.[39
mresponse)[33m.[39mtoCon
tain([32m'988'[39m)[33m
;[39m
    
[31m[1m>[22m[39m[90m 
88 |[39m         expect(r
esult[33m.[39mresponse)
[33m.[39mtoContain([32m'
Your life 
matters'[39m)[33m;[39m
     [90m    |[39m      
                          
 [31m[1m^[22m[39m
     [90m 89 |[39m      
   expect(result[33m.[39
mresponse)[33m.[39mtoCon
tain([32m'865-755-8839'[
39m)[33m;[39m
     [90m 90 |[39m      
 })[33m;[39m
     [90m 91 |[39m     
})[33m;[39m[0m

      at 
Object.<anonymous> (__test
s__/counselor-engine.test.
ts:88:33)

  ΓùÅ Suicide Risk Triage 
ΓÇ║ Active Intent 
Detection (Critical) ΓÇ║ 
should detect active 
intent: "Tonight I'm 
going to do it..."

    expect(received).toCon
tain(expected) // indexOf

    Expected substring: 
"Your life matters"
    Received string:    
"**I need you to know: 
your life matters. Right 
now, in this moment, your 
life has value.**┬╖
    If you are in 
immediate danger of 
acting on these thoughts, 
please:┬╖
    ≡ƒô₧ **CALL {HOTLINES.
{REGION}.crisis_988}** 
ΓÇö Available 24/7, call 
or text
    ≡ƒô▒ **{HOTLINES.{REGI
ON}.crisis_text_line}**
    ≡ƒô₧ **Veterinary 
Social Work Helpline: {HOT
LINES.US.ut_vet_social_wor
k}**┬╖
    If you are in 
immediate danger: **Call {
HOTLINES.{REGION}.emergenc
y}**┬╖
    **I can't keep you 
safe alone, but I can 
stay with you while you 
reach out.**┬╖
    Your pet loved you. 
That love doesn't end. 
But you have to stay 
alive to honor it."

    [0m [90m 86 |[39m  
       [90m// Must 
contain crisis 
resources[39m
     [90m 87 |[39m      
   expect(result[33m.[39
mresponse)[33m.[39mtoCon
tain([32m'988'[39m)[33m
;[39m
    
[31m[1m>[22m[39m[90m 
88 |[39m         expect(r
esult[33m.[39mresponse)
[33m.[39mtoContain([32m'
Your life 
matters'[39m)[33m;[39m
     [90m    |[39m      
                          
 [31m[1m^[22m[39m
     [90m 89 |[39m      
   expect(result[33m.[39
mresponse)[33m.[39mtoCon
tain([32m'865-755-8839'[
39m)[33m;[39m
     [90m 90 |[39m      
 })[33m;[39m
     [90m 91 |[39m     
})[33m;[39m[0m

      at 
Object.<anonymous> (__test
s__/counselor-engine.test.
ts:88:33)

  ΓùÅ Suicide Risk Triage 
ΓÇ║ Active Intent 
Detection (Critical) ΓÇ║ 
should detect active 
intent: "This is it, I 
can't go on..."

    expect(received).toCon
tain(expected) // indexOf

    Expected substring: 
"Your life matters"
    Received string:    
"**I need you to know: 
your life matters. Right 
now, in this moment, your 
life has value.**┬╖
    If you are in 
immediate danger of 
acting on these thoughts, 
please:┬╖
    ≡ƒô₧ **CALL {HOTLINES.
{REGION}.crisis_988}** 
ΓÇö Available 24/7, call 
or text
    ≡ƒô▒ **{HOTLINES.{REGI
ON}.crisis_text_line}**
    ≡ƒô₧ **Veterinary 
Social Work Helpline: {HOT
LINES.US.ut_vet_social_wor
k}**┬╖
    If you are in 
immediate danger: **Call {
HOTLINES.{REGION}.emergenc
y}**┬╖
    **I can't keep you 
safe alone, but I can 
stay with you while you 
reach out.**┬╖
    Your pet loved you. 
That love doesn't end. 
But you have to stay 
alive to honor it."

    [0m [90m 86 |[39m  
       [90m// Must 
contain crisis 
resources[39m
     [90m 87 |[39m      
   expect(result[33m.[39
mresponse)[33m.[39mtoCon
tain([32m'988'[39m)[33m
;[39m
    
[31m[1m>[22m[39m[90m 
88 |[39m         expect(r
esult[33m.[39mresponse)
[33m.[39mtoContain([32m'
Your life 
matters'[39m)[33m;[39m
     [90m    |[39m      
                          
 [31m[1m^[22m[39m
     [90m 89 |[39m      
   expect(result[33m.[39
mresponse)[33m.[39mtoCon
tain([32m'865-755-8839'[
39m)[33m;[39m
     [90m 90 |[39m      
 })[33m;[39m
     [90m 91 |[39m     
})[33m;[39m[0m

      at 
Object.<anonymous> (__test
s__/counselor-engine.test.
ts:88:33)

  ΓùÅ Death/Grief 
Detection ΓÇ║ Traumatic 
Death ΓÇ║ should detect 
traumatic death: "He was 
murdered by a neighbor..."

    expect(received).toBe(
expected) // Object.is 
equality

    Expected: 
"death_traumatic"
    Received: "general"

    [0m [90m 333 |[39m 
        [36mconst[39m 
result [33m=[39m generat
eCompanionResponse(phrase)
[33m;[39m
     [90m 334 |[39m     
    
    
[31m[1m>[22m[39m[90m 
335 |[39m         expect(
result[33m.[39manalysis
[33m.[39mcategory)[33m.
[39mtoBe([32m'death_traum
atic'[39m)[33m;[39m
     [90m     |[39m     
                          
           
[31m[1m^[22m[39m
     [90m 336 |[39m     
    
     [90m 337 |[39m     
    [90m// Must provide 
trauma-informed 
response[39m
     [90m 338 |[39m     
    expect(result[33m.[3
9mresponse[33m.[39mtoLow
erCase())[33m.[39mtoCont
ain([32m'deeply sorry'[3
9m)[33m;[39m[0m

      at 
Object.<anonymous> (__test
s__/counselor-engine.test.
ts:335:42)

  ΓùÅ Death/Grief 
Detection ΓÇ║ Euthanasia 
ΓÇ║ should detect 
euthanasia: "We had to 
put our dog down 
yesterday..."

    expect(received).toBe(
expected) // Object.is 
equality

    Expected: 
"death_euthanasia"
    Received: "general"

    [0m [90m 358 |[39m 
        [36mconst[39m 
result [33m=[39m generat
eCompanionResponse(phrase)
[33m;[39m
     [90m 359 |[39m     
    
    
[31m[1m>[22m[39m[90m 
360 |[39m         expect(
result[33m.[39manalysis
[33m.[39mcategory)[33m.
[39mtoBe([32m'death_eutha
nasia'[39m)[33m;[39m
     [90m     |[39m     
                          
           
[31m[1m^[22m[39m
     [90m 361 |[39m     
    
     [90m 362 |[39m     
    [90m// Must validate 
the decision[39m
     [90m 363 |[39m     
    expect(result[33m.[3
9mresponse[33m.[39mtoLow
erCase())[33m.[39mtoCont
ain([32m'hardest things'
[39m)[33m;[39m[0m

      at 
Object.<anonymous> (__test
s__/counselor-engine.test.
ts:360:42)

  ΓùÅ Death/Grief 
Detection ΓÇ║ Euthanasia 
ΓÇ║ should detect 
euthanasia: "We had to 
put my cat to sleep last 
week..."

    expect(received).toBe(
expected) // Object.is 
equality

    Expected: 
"death_euthanasia"
    Received: "general"

    [0m [90m 358 |[39m 
        [36mconst[39m 
result [33m=[39m generat
eCompanionResponse(phrase)
[33m;[39m
     [90m 359 |[39m     
    
    
[31m[1m>[22m[39m[90m 
360 |[39m         expect(
result[33m.[39manalysis
[33m.[39mcategory)[33m.
[39mtoBe([32m'death_eutha
nasia'[39m)[33m;[39m
     [90m     |[39m     
                          
           
[31m[1m^[22m[39m
     [90m 361 |[39m     
    
     [90m 362 |[39m     
    [90m// Must validate 
the decision[39m
     [90m 363 |[39m     
    expect(result[33m.[3
9mresponse[33m.[39mtoLow
erCase())[33m.[39mtoCont
ain([32m'hardest things'
[39m)[33m;[39m[0m

      at 
Object.<anonymous> (__test
s__/counselor-engine.test.
ts:360:42)

  ΓùÅ Disenfranchised 
Grief / Radical 
Validation ΓÇ║ should 
provide radical 
validation: "I know it's 
silly to be this upset 
over ..."

    expect(received).toCon
tain(expected) // indexOf

    Expected substring: 
"biology"
    Received string:    
"let me stop you right 
there: **they were not 
'just' anything.** your 
pet was a family member. 
a source of daily 
comfort. their inability 
to understand says 
nothing about the 
validity of your grief.┬╖
    your brain is 
processing a major loss. 
give yourself permission 
to grieve fully. i'm here 
to witness that grief, 
because it matters."

    [0m [90m 503 |[39m 
      expect(result[33m.
[39mresponse)[33m.[39mto
Contain([32m"NOT 
'just'"[39m)[33m;[39m
     [90m 504 |[39m     
  expect(result[33m.[39m
response[33m.[39mtoLower
Case())[33m.[39mtoContai
n([32m'family 
member'[39m)[33m;[39m
    
[31m[1m>[22m[39m[90m 
505 |[39m       expect(re
sult[33m.[39mresponse[3
3m.[39mtoLowerCase())[33
m.[39mtoContain([32m'bio
logy'[39m)[33m;[39m
     [90m     |[39m     
                          
              
[31m[1m^[22m[39m
     [90m 506 |[39m     
})[33m;[39m
     [90m 507 |[39m   
})[33m;[39m
     [90m 508 |[39m   
[0m

      at 
Object.<anonymous> (__test
s__/counselor-engine.test.
ts:505:45)

  ΓùÅ Disenfranchised 
Grief / Radical 
Validation ΓÇ║ should 
provide radical 
validation: "People think 
I'm crazy for grieving 
this..."

    expect(received).toCon
tain(expected) // indexOf

    Expected substring: 
"biology"
    Received string:    
"let me stop you right 
there: **they were not 
'just' anything.** your 
pet was a family member. 
a source of daily 
comfort. their inability 
to understand says 
nothing about the 
validity of your grief.┬╖
    your brain is 
processing a major loss. 
give yourself permission 
to grieve fully. i'm here 
to witness that grief, 
because it matters."

    [0m [90m 503 |[39m 
      expect(result[33m.
[39mresponse)[33m.[39mto
Contain([32m"NOT 
'just'"[39m)[33m;[39m
     [90m 504 |[39m     
  expect(result[33m.[39m
response[33m.[39mtoLower
Case())[33m.[39mtoContai
n([32m'family 
member'[39m)[33m;[39m
    
[31m[1m>[22m[39m[90m 
505 |[39m       expect(re
sult[33m.[39mresponse[3
3m.[39mtoLowerCase())[33
m.[39mtoContain([32m'bio
logy'[39m)[33m;[39m
     [90m     |[39m     
                          
              
[31m[1m^[22m[39m
     [90m 506 |[39m     
})[33m;[39m
     [90m 507 |[39m   
})[33m;[39m
     [90m 508 |[39m   
[0m

      at 
Object.<anonymous> (__test
s__/counselor-engine.test.
ts:505:45)

  ΓùÅ Disenfranchised 
Grief / Radical 
Validation ΓÇ║ should 
provide radical 
validation: "My boss says 
I shouldn't be this 
upset, ..."

    expect(received).toCon
tain(expected) // indexOf

    Expected substring: 
"biology"
    Received string:    
"let me stop you right 
there: **they were not 
'just' anything.** your 
pet was a family member. 
a source of daily 
comfort. their inability 
to understand says 
nothing about the 
validity of your grief.┬╖
    your brain is 
processing a major loss. 
give yourself permission 
to grieve fully. i'm here 
to witness that grief, 
because it matters."

    [0m [90m 503 |[39m 
      expect(result[33m.
[39mresponse)[33m.[39mto
Contain([32m"NOT 
'just'"[39m)[33m;[39m
     [90m 504 |[39m     
  expect(result[33m.[39m
response[33m.[39mtoLower
Case())[33m.[39mtoContai
n([32m'family 
member'[39m)[33m;[39m
    
[31m[1m>[22m[39m[90m 
505 |[39m       expect(re
sult[33m.[39mresponse[3
3m.[39mtoLowerCase())[33
m.[39mtoContain([32m'bio
logy'[39m)[33m;[39m
     [90m     |[39m     
                          
              
[31m[1m^[22m[39m
     [90m 506 |[39m     
})[33m;[39m
     [90m 507 |[39m   
})[33m;[39m
     [90m 508 |[39m   
[0m

      at 
Object.<anonymous> (__test
s__/counselor-engine.test.
ts:505:45)

  ΓùÅ Disenfranchised 
Grief / Radical 
Validation ΓÇ║ should 
provide radical 
validation: "Everyone 
tells me to just get 
another pe..."

    expect(received).toCon
tain(expected) // indexOf

    Expected substring: 
"biology"
    Received string:    
"let me stop you right 
there: **they were not 
'just' anything.** your 
pet was a family member. 
a source of daily 
comfort. their inability 
to understand says 
nothing about the 
validity of your grief.┬╖
    your brain is 
processing a major loss. 
give yourself permission 
to grieve fully. i'm here 
to witness that grief, 
because it matters."

    [0m [90m 503 |[39m 
      expect(result[33m.
[39mresponse)[33m.[39mto
Contain([32m"NOT 
'just'"[39m)[33m;[39m
     [90m 504 |[39m     
  expect(result[33m.[39m
response[33m.[39mtoLower
Case())[33m.[39mtoContai
n([32m'family 
member'[39m)[33m;[39m
    
[31m[1m>[22m[39m[90m 
505 |[39m       expect(re
sult[33m.[39mresponse[3
3m.[39mtoLowerCase())[33
m.[39mtoContain([32m'bio
logy'[39m)[33m;[39m
     [90m     |[39m     
                          
              
[31m[1m^[22m[39m
     [90m 506 |[39m     
})[33m;[39m
     [90m 507 |[39m   
})[33m;[39m
     [90m 508 |[39m   
[0m

      at 
Object.<anonymous> (__test
s__/counselor-engine.test.
ts:505:45)

  ΓùÅ Disenfranchised 
Grief / Radical 
Validation ΓÇ║ should 
provide radical 
validation: "I feel 
stupid for crying over an 
animal..."

    expect(received).toBe(
expected) // Object.is 
equality

    Expected: 
"disenfranchised"
    Received: "general"

    [0m [90m 498 |[39m 
      [36mconst[39m 
result [33m=[39m generat
eCompanionResponse(phrase)
[33m;[39m
     [90m 499 |[39m     
  
    
[31m[1m>[22m[39m[90m 
500 |[39m       expect(re
sult[33m.[39manalysis[3
3m.[39mcategory)[33m.[3
9mtoBe([32m'disenfranchis
ed'[39m)[33m;[39m
     [90m     |[39m     
                          
         
[31m[1m^[22m[39m
     [90m 501 |[39m     
  
     [90m 502 |[39m     
  [90m// Must counter 
the minimization[39m
     [90m 503 |[39m     
  expect(result[33m.[39m
response)[33m.[39mtoCont
ain([32m"NOT 'just'"[39m
)[33m;[39m[0m

      at 
Object.<anonymous> (__test
s__/counselor-engine.test.
ts:500:40)

  ΓùÅ Disenfranchised 
Grief / Radical 
Validation ΓÇ║ should 
address societal 
minimization directly

    expect(received).toCon
tain(expected) // indexOf

    Expected substring: 
"people who say"
    Received string:    
"let me stop you right 
there: **they were not 
'just' anything.** your 
pet was a family member. 
a source of daily 
comfort. their inability 
to understand says 
nothing about the 
validity of your grief.┬╖
    your brain is 
processing a major loss. 
give yourself permission 
to grieve fully. i'm here 
to witness that grief, 
because it matters."

    [0m [90m 510 |[39m 
    [36mconst[39m 
result [33m=[39m generat
eCompanionResponse([32m"P
eople say it's just a 
pet"[39m)[33m;[39m
     [90m 511 |[39m     
    
[31m[1m>[22m[39m[90m 
512 |[39m     expect(resu
lt[33m.[39mresponse[33m
.[39mtoLowerCase())[33m.
[39mtoContain([32m"peopl
e who 
say"[39m)[33m;[39m
     [90m     |[39m     
                          
            
[31m[1m^[22m[39m
     [90m 513 |[39m     
expect(result[33m.[39mre
sponse[33m.[39mtoLowerCa
se())[33m.[39mtoContain(
[32m"never loved like 
you do"[39m)[33m;[39m
     [90m 514 |[39m   
})[33m;[39m
     [90m 515 |[39m 
})[33m;[39m[0m

      at 
Object.<anonymous> (__test
s__/counselor-engine.test.
ts:512:43)

  ΓùÅ Anticipatory Grief 
ΓÇ║ should detect 
anticipatory grief: "I'm 
going to lose my dog 
slowly and it's..."

    expect(received).toBe(
expected) // Object.is 
equality

    Expected: 
"anticipatory"
    Received: "general"

    [0m [90m 565 |[39m 
      [36mconst[39m 
result [33m=[39m generat
eCompanionResponse(phrase)
[33m;[39m
     [90m 566 |[39m     
  
    
[31m[1m>[22m[39m[90m 
567 |[39m       expect(re
sult[33m.[39manalysis[3
3m.[39mcategory)[33m.[3
9mtoBe([32m'anticipatory'
[39m)[33m;[39m
     [90m     |[39m     
                          
         
[31m[1m^[22m[39m
     [90m 568 |[39m     
  
     [90m 569 |[39m     
  [90m// Must contain 
anticipatory grief 
language[39m
     [90m 570 |[39m     
  expect(result[33m.[39m
response)[33m.[39mtoCont
ain([32m'Anticipatory Gri
ef'[39m)[33m;[39m[0m

      at 
Object.<anonymous> (__test
s__/counselor-engine.test.
ts:567:40)

  ΓùÅ Anticipatory Grief 
ΓÇ║ should require ΓëÑ2 
markers for detection

    expect(received).toBe(
expected) // Object.is 
equality

    Expected: true
    Received: false

    [0m [90m 581 |[39m 
    
     [90m 582 |[39m     
expect(singleResult[33m.
[39mdetected)[33m.[39mto
Be([36mfalse[39m)[33m;
[39m
    
[31m[1m>[22m[39m[90m 
583 |[39m     expect(doub
leResult[33m.[39mdetecte
d)[33m.[39mtoBe([36mtru
e[39m)[33m;[39m
     [90m     |[39m     
                          
    [31m[1m^[22m[39m
     [90m 584 |[39m   
})[33m;[39m
     [90m 585 |[39m 
})[33m;[39m
     [90m 586 |[39m[0m

      at 
Object.<anonymous> (__test
s__/counselor-engine.test.
ts:583:35)

  ΓùÅ Quality of Life / 
Euthanasia Decision 
Support ΓÇ║ should 
include the key question

    expect(received).toCon
tain(expected) // indexOf

    Expected substring: 
"keeping them alive for 
THEM, or for me"
    Received string:    
"This is one of the 
hardest questions a pet 
parent faces. **The 
Quality of Life Scale 
(HHHHHMM)** can help you 
assess objectively:
    ΓÇó **Hurt** - Is 
pain managed?
    ΓÇó 
**Hunger/Hydration** - 
Are they eating/drinking?
    ΓÇó **Hygiene** - Can 
they keep clean?
    ΓÇó **Happiness** - 
Do they have moments of 
joy?
    ΓÇó **Mobility** - 
Can they move as they 
want to?
    ΓÇó **More good days 
than bad?**┬╖
    If you're asking 
this, it often means your 
heart already knows. 
Would it help to talk 
through what you're 
seeing?"

    [0m [90m 689 |[39m 
    [36mconst[39m 
result [33m=[39m generat
eCompanionResponse([32m"W
hen is it 
time?"[39m)[33m;[39m
     [90m 690 |[39m     
    
[31m[1m>[22m[39m[90m 
691 |[39m     expect(resu
lt[33m.[39mresponse)[33
m.[39mtoContain([32m'kee
ping them alive for THEM, 
or for 
me'[39m)[33m;[39m
     [90m     |[39m     
                        
[31m[1m^[22m[39m
     [90m 692 |[39m   
})[33m;[39m
     [90m 693 |[39m 
})[33m;[39m
     [90m 694 |[39m[0m

      at 
Object.<anonymous> (__test
s__/counselor-engine.test.
ts:691:29)

  ΓùÅ Lost Pet / 
Ambiguous Loss ΓÇ║ should 
provide lost pet 
guidance: "My dog ran 
away yesterday..."

    expect(received).toCon
tain(expected) // indexOf

    Expected substring: 
"can't predict"
    Received string:    
"i'm so sorry you're 
going through this. the 
panic and fear you're 
feeling right now shows 
how much you love them. 
we *can* focus on the 
steps that give you the 
best chance of getting 
them home:┬╖
    **right now (next 
30ΓÇô60 minutes):**
    ΓÇó re-check the 
last-seen area slowly 
(quiet voice, treat bag).
    ΓÇó ask a neighbor to 
help cover more ground.
    ΓÇó if safe, leave a 
familiar-smelling item 
(blanket/shirt) near the 
exit point.┬╖
    **next:**
    ΓÇó call **local 
shelters/animal control** 
and ask them to scan for 
a **microchip**.
    ΓÇó post clear 
photos, but **do not 
share your home address** 
publicly."

    [0m [90m 712 |[39m 
      
     [90m 713 |[39m     
  [90m// Must contain 
actionable, 
uncertainty-safe 
guidance[39m
    
[31m[1m>[22m[39m[90m 
714 |[39m       expect(re
sult[33m.[39mresponse[3
3m.[39mtoLowerCase())[33
m.[39mtoContain([32m"can
't 
predict"[39m)[33m;[39m
     [90m     |[39m     
                          
              
[31m[1m^[22m[39m
     [90m 715 |[39m     
  expect(result[33m.[39m
response[33m.[39mtoLower
Case())[33m.[39mtoContai
n([32m'microchip'[39m)[
33m;[39m
     [90m 716 |[39m     
  expect(result[33m.[39m
response[33m.[39mtoLower
Case())[33m.[39mtoContai
n([32m'do not share your 
home 
address'[39m)[33m;[39m
     [90m 717 |[39m     
})[33m;[39m[0m

      at 
Object.<anonymous> (__test
s__/counselor-engine.test.
ts:714:45)

  ΓùÅ Lost Pet / 
Ambiguous Loss ΓÇ║ should 
provide lost pet 
guidance: "My cat has 
been missing for three 
days..."

    expect(received).toCon
tain(expected) // indexOf

    Expected substring: 
"can't predict"
    Received string:    
"i'm so sorry you're 
going through this. the 
panic and fear you're 
feeling right now shows 
how much you love them. 
we *can* focus on the 
steps that give you the 
best chance of getting 
them home:┬╖
    **right now (next 
30ΓÇô60 minutes):**
    ΓÇó re-check the 
last-seen area slowly 
(quiet voice, treat bag).
    ΓÇó ask a neighbor to 
help cover more ground.
    ΓÇó if safe, leave a 
familiar-smelling item 
(blanket/shirt) near the 
exit point.┬╖
    **next:**
    ΓÇó call **local 
shelters/animal control** 
and ask them to scan for 
a **microchip**.
    ΓÇó post clear 
photos, but **do not 
share your home address** 
publicly."

    [0m [90m 712 |[39m 
      
     [90m 713 |[39m     
  [90m// Must contain 
actionable, 
uncertainty-safe 
guidance[39m
    
[31m[1m>[22m[39m[90m 
714 |[39m       expect(re
sult[33m.[39mresponse[3
3m.[39mtoLowerCase())[33
m.[39mtoContain([32m"can
't 
predict"[39m)[33m;[39m
     [90m     |[39m     
                          
              
[31m[1m^[22m[39m
     [90m 715 |[39m     
  expect(result[33m.[39m
response[33m.[39mtoLower
Case())[33m.[39mtoContai
n([32m'microchip'[39m)[
33m;[39m
     [90m 716 |[39m     
  expect(result[33m.[39m
response[33m.[39mtoLower
Case())[33m.[39mtoContai
n([32m'do not share your 
home 
address'[39m)[33m;[39m
     [90m 717 |[39m     
})[33m;[39m[0m

      at 
Object.<anonymous> (__test
s__/counselor-engine.test.
ts:714:45)

  ΓùÅ Lost Pet / 
Ambiguous Loss ΓÇ║ should 
provide lost pet 
guidance: "I can't find 
my dog anywhere..."

    expect(received).toCon
tain(expected) // indexOf

    Expected substring: 
"can't predict"
    Received string:    
"i'm so sorry you're 
going through this. the 
panic and fear you're 
feeling right now shows 
how much you love them. 
we *can* focus on the 
steps that give you the 
best chance of getting 
them home:┬╖
    **right now (next 
30ΓÇô60 minutes):**
    ΓÇó re-check the 
last-seen area slowly 
(quiet voice, treat bag).
    ΓÇó ask a neighbor to 
help cover more ground.
    ΓÇó if safe, leave a 
familiar-smelling item 
(blanket/shirt) near the 
exit point.┬╖
    **next:**
    ΓÇó call **local 
shelters/animal control** 
and ask them to scan for 
a **microchip**.
    ΓÇó post clear 
photos, but **do not 
share your home address** 
publicly."

    [0m [90m 712 |[39m 
      
     [90m 713 |[39m     
  [90m// Must contain 
actionable, 
uncertainty-safe 
guidance[39m
    
[31m[1m>[22m[39m[90m 
714 |[39m       expect(re
sult[33m.[39mresponse[3
3m.[39mtoLowerCase())[33
m.[39mtoContain([32m"can
't 
predict"[39m)[33m;[39m
     [90m     |[39m     
                          
              
[31m[1m^[22m[39m
     [90m 715 |[39m     
  expect(result[33m.[39m
response[33m.[39mtoLower
Case())[33m.[39mtoContai
n([32m'microchip'[39m)[
33m;[39m
     [90m 716 |[39m     
  expect(result[33m.[39m
response[33m.[39mtoLower
Case())[33m.[39mtoContai
n([32m'do not share your 
home 
address'[39m)[33m;[39m
     [90m 717 |[39m     
})[33m;[39m[0m

      at 
Object.<anonymous> (__test
s__/counselor-engine.test.
ts:714:45)

  ΓùÅ Lost Pet / 
Ambiguous Loss ΓÇ║ should 
provide lost pet 
guidance: "She escaped 
from the yard..."

    expect(received).toCon
tain(expected) // indexOf

    Expected substring: 
"can't predict"
    Received string:    
"i'm so sorry you're 
going through this. the 
panic and fear you're 
feeling right now shows 
how much you love them. 
we *can* focus on the 
steps that give you the 
best chance of getting 
them home:┬╖
    **right now (next 
30ΓÇô60 minutes):**
    ΓÇó re-check the 
last-seen area slowly 
(quiet voice, treat bag).
    ΓÇó ask a neighbor to 
help cover more ground.
    ΓÇó if safe, leave a 
familiar-smelling item 
(blanket/shirt) near the 
exit point.┬╖
    **next:**
    ΓÇó call **local 
shelters/animal control** 
and ask them to scan for 
a **microchip**.
    ΓÇó post clear 
photos, but **do not 
share your home address** 
publicly."

    [0m [90m 712 |[39m 
      
     [90m 713 |[39m     
  [90m// Must contain 
actionable, 
uncertainty-safe 
guidance[39m
    
[31m[1m>[22m[39m[90m 
714 |[39m       expect(re
sult[33m.[39mresponse[3
3m.[39mtoLowerCase())[33
m.[39mtoContain([32m"can
't 
predict"[39m)[33m;[39m
     [90m     |[39m     
                          
              
[31m[1m^[22m[39m
     [90m 715 |[39m     
  expect(result[33m.[39m
response[33m.[39mtoLower
Case())[33m.[39mtoContai
n([32m'microchip'[39m)[
33m;[39m
     [90m 716 |[39m     
  expect(result[33m.[39m
response[33m.[39mtoLower
Case())[33m.[39mtoContai
n([32m'do not share your 
home 
address'[39m)[33m;[39m
     [90m 717 |[39m     
})[33m;[39m[0m

      at 
Object.<anonymous> (__test
s__/counselor-engine.test.
ts:714:45)

  ΓùÅ Response Template 
Validation ΓÇ║ Template: 
suicide_active ΓÇ║ should 
have mustNotContain 
requirements defined

    expect(received).toBeD
efined()

    Received: undefined

    [0m [90m 882 |[39m 
      
     [90m 883 |[39m     
  it([32m'should have 
mustNotContain 
requirements 
defined'[39m[33m,[39m 
() [33m=>[39m {
    
[31m[1m>[22m[39m[90m 
884 |[39m         expect(
template[33m.[39mmustNot
Contain)[33m.[39mtoBeDef
ined()[33m;[39m
     [90m     |[39m     
                          
          
[31m[1m^[22m[39m
     [90m 885 |[39m     
    expect([33mArray[39m
[33m.[39misArray(templat
e[33m.[39mmustNotContain
))[33m.[39mtoBe([36mtru
e[39m)[33m;[39m
     [90m 886 |[39m     
  })[33m;[39m
     [90m 887 |[39m     
})[33m;[39m[0m

      at 
Object.<anonymous> (__test
s__/counselor-engine.test.
ts:884:41)

  ΓùÅ Response Template 
Validation ΓÇ║ Template: 
suicide_passive ΓÇ║ 
should have 
mustNotContain 
requirements defined

    expect(received).toBeD
efined()

    Received: undefined

    [0m [90m 882 |[39m 
      
     [90m 883 |[39m     
  it([32m'should have 
mustNotContain 
requirements 
defined'[39m[33m,[39m 
() [33m=>[39m {
    
[31m[1m>[22m[39m[90m 
884 |[39m         expect(
template[33m.[39mmustNot
Contain)[33m.[39mtoBeDef
ined()[33m;[39m
     [90m     |[39m     
                          
          
[31m[1m^[22m[39m
     [90m 885 |[39m     
    expect([33mArray[39m
[33m.[39misArray(templat
e[33m.[39mmustNotContain
))[33m.[39mtoBe([36mtru
e[39m)[33m;[39m
     [90m 886 |[39m     
  })[33m;[39m
     [90m 887 |[39m     
})[33m;[39m[0m

      at 
Object.<anonymous> (__test
s__/counselor-engine.test.
ts:884:41)

  ΓùÅ Response Template 
Validation ΓÇ║ Template: 
mdd ΓÇ║ should have 
mustNotContain 
requirements defined

    expect(received).toBeD
efined()

    Received: undefined

    [0m [90m 882 |[39m 
      
     [90m 883 |[39m     
  it([32m'should have 
mustNotContain 
requirements 
defined'[39m[33m,[39m 
() [33m=>[39m {
    
[31m[1m>[22m[39m[90m 
884 |[39m         expect(
template[33m.[39mmustNot
Contain)[33m.[39mtoBeDef
ined()[33m;[39m
     [90m     |[39m     
                          
          
[31m[1m^[22m[39m
     [90m 885 |[39m     
    expect([33mArray[39m
[33m.[39misArray(templat
e[33m.[39mmustNotContain
))[33m.[39mtoBe([36mtru
e[39m)[33m;[39m
     [90m 886 |[39m     
  })[33m;[39m
     [90m 887 |[39m     
})[33m;[39m[0m

      at 
Object.<anonymous> (__test
s__/counselor-engine.test.
ts:884:41)

  ΓùÅ Response Template 
Validation ΓÇ║ Template: 
paralysis ΓÇ║ should have 
mustNotContain 
requirements defined

    expect(received).toBeD
efined()

    Received: undefined

    [0m [90m 882 |[39m 
      
     [90m 883 |[39m     
  it([32m'should have 
mustNotContain 
requirements 
defined'[39m[33m,[39m 
() [33m=>[39m {
    
[31m[1m>[22m[39m[90m 
884 |[39m         expect(
template[33m.[39mmustNot
Contain)[33m.[39mtoBeDef
ined()[33m;[39m
     [90m     |[39m     
                          
          
[31m[1m^[22m[39m
     [90m 885 |[39m     
    expect([33mArray[39m
[33m.[39misArray(templat
e[33m.[39mmustNotContain
))[33m.[39mtoBe([36mtru
e[39m)[33m;[39m
     [90m 886 |[39m     
  })[33m;[39m
     [90m 887 |[39m     
})[33m;[39m[0m

      at 
Object.<anonymous> (__test
s__/counselor-engine.test.
ts:884:41)

  ΓùÅ Response Template 
Validation ΓÇ║ Template: 
neurodivergent ΓÇ║ should 
have mustNotContain 
requirements defined

    expect(received).toBeD
efined()

    Received: undefined

    [0m [90m 882 |[39m 
      
     [90m 883 |[39m     
  it([32m'should have 
mustNotContain 
requirements 
defined'[39m[33m,[39m 
() [33m=>[39m {
    
[31m[1m>[22m[39m[90m 
884 |[39m         expect(
template[33m.[39mmustNot
Contain)[33m.[39mtoBeDef
ined()[33m;[39m
     [90m     |[39m     
                          
          
[31m[1m^[22m[39m
     [90m 885 |[39m     
    expect([33mArray[39m
[33m.[39misArray(templat
e[33m.[39mmustNotContain
))[33m.[39mtoBe([36mtru
e[39m)[33m;[39m
     [90m 886 |[39m     
  })[33m;[39m
     [90m 887 |[39m     
})[33m;[39m[0m

      at 
Object.<anonymous> (__test
s__/counselor-engine.test.
ts:884:41)

  ΓùÅ Response Template 
Validation ΓÇ║ Template: 
dv_immediate_danger ΓÇ║ 
should have 
mustNotContain 
requirements defined

    expect(received).toBeD
efined()

    Received: undefined

    [0m [90m 882 |[39m 
      
     [90m 883 |[39m     
  it([32m'should have 
mustNotContain 
requirements 
defined'[39m[33m,[39m 
() [33m=>[39m {
    
[31m[1m>[22m[39m[90m 
884 |[39m         expect(
template[33m.[39mmustNot
Contain)[33m.[39mtoBeDef
ined()[33m;[39m
     [90m     |[39m     
                          
          
[31m[1m^[22m[39m
     [90m 885 |[39m     
    expect([33mArray[39m
[33m.[39misArray(templat
e[33m.[39mmustNotContain
))[33m.[39mtoBe([36mtru
e[39m)[33m;[39m
     [90m 886 |[39m     
  })[33m;[39m
     [90m 887 |[39m     
})[33m;[39m[0m

      at 
Object.<anonymous> (__test
s__/counselor-engine.test.
ts:884:41)

  ΓùÅ Response Template 
Validation ΓÇ║ Template: 
dv_coercive_control ΓÇ║ 
should have 
mustNotContain 
requirements defined

    expect(received).toBeD
efined()

    Received: undefined

    [0m [90m 882 |[39m 
      
     [90m 883 |[39m     
  it([32m'should have 
mustNotContain 
requirements 
defined'[39m[33m,[39m 
() [33m=>[39m {
    
[31m[1m>[22m[39m[90m 
884 |[39m         expect(
template[33m.[39mmustNot
Contain)[33m.[39mtoBeDef
ined()[33m;[39m
     [90m     |[39m     
                          
          
[31m[1m^[22m[39m
     [90m 885 |[39m     
    expect([33mArray[39m
[33m.[39misArray(templat
e[33m.[39mmustNotContain
))[33m.[39mtoBe([36mtru
e[39m)[33m;[39m
     [90m 886 |[39m     
  })[33m;[39m
     [90m 887 |[39m     
})[33m;[39m[0m

      at 
Object.<anonymous> (__test
s__/counselor-engine.test.
ts:884:41)

  ΓùÅ Response Template 
Validation ΓÇ║ Template: 
child_abuse ΓÇ║ should 
have mustNotContain 
requirements defined

    expect(received).toBeD
efined()

    Received: undefined

    [0m [90m 882 |[39m 
      
     [90m 883 |[39m     
  it([32m'should have 
mustNotContain 
requirements 
defined'[39m[33m,[39m 
() [33m=>[39m {
    
[31m[1m>[22m[39m[90m 
884 |[39m         expect(
template[33m.[39mmustNot
Contain)[33m.[39mtoBeDef
ined()[33m;[39m
     [90m     |[39m     
                          
          
[31m[1m^[22m[39m
     [90m 885 |[39m     
    expect([33mArray[39m
[33m.[39misArray(templat
e[33m.[39mmustNotContain
))[33m.[39mtoBe([36mtru
e[39m)[33m;[39m
     [90m 886 |[39m     
  })[33m;[39m
     [90m 887 |[39m     
})[33m;[39m[0m

      at 
Object.<anonymous> (__test
s__/counselor-engine.test.
ts:884:41)

  ΓùÅ Response Template 
Validation ΓÇ║ Template: 
emergency_veterinary ΓÇ║ 
should have 
mustNotContain 
requirements defined

    expect(received).toBeD
efined()

    Received: undefined

    [0m [90m 882 |[39m 
      
     [90m 883 |[39m     
  it([32m'should have 
mustNotContain 
requirements 
defined'[39m[33m,[39m 
() [33m=>[39m {
    
[31m[1m>[22m[39m[90m 
884 |[39m         expect(
template[33m.[39mmustNot
Contain)[33m.[39mtoBeDef
ined()[33m;[39m
     [90m     |[39m     
                          
          
[31m[1m^[22m[39m
     [90m 885 |[39m     
    expect([33mArray[39m
[33m.[39misArray(templat
e[33m.[39mmustNotContain
))[33m.[39mtoBe([36mtru
e[39m)[33m;[39m
     [90m 886 |[39m     
  })[33m;[39m
     [90m 887 |[39m     
})[33m;[39m[0m

      at 
Object.<anonymous> (__test
s__/counselor-engine.test.
ts:884:41)

  ΓùÅ Response Template 
Validation ΓÇ║ Template: 
emergency ΓÇ║ should have 
mustNotContain 
requirements defined

    expect(received).toBeD
efined()

    Received: undefined

    [0m [90m 882 |[39m 
      
     [90m 883 |[39m     
  it([32m'should have 
mustNotContain 
requirements 
defined'[39m[33m,[39m 
() [33m=>[39m {
    
[31m[1m>[22m[39m[90m 
884 |[39m         expect(
template[33m.[39mmustNot
Contain)[33m.[39mtoBeDef
ined()[33m;[39m
     [90m     |[39m     
                          
          
[31m[1m^[22m[39m
     [90m 885 |[39m     
    expect([33mArray[39m
[33m.[39misArray(templat
e[33m.[39mmustNotContain
))[33m.[39mtoBe([36mtru
e[39m)[33m;[39m
     [90m 886 |[39m     
  })[33m;[39m
     [90m 887 |[39m     
})[33m;[39m[0m

      at 
Object.<anonymous> (__test
s__/counselor-engine.test.
ts:884:41)

  ΓùÅ Response Template 
Validation ΓÇ║ Template: 
death_traumatic ΓÇ║ 
should have 
mustNotContain 
requirements defined

    expect(received).toBeD
efined()

    Received: undefined

    [0m [90m 882 |[39m 
      
     [90m 883 |[39m     
  it([32m'should have 
mustNotContain 
requirements 
defined'[39m[33m,[39m 
() [33m=>[39m {
    
[31m[1m>[22m[39m[90m 
884 |[39m         expect(
template[33m.[39mmustNot
Contain)[33m.[39mtoBeDef
ined()[33m;[39m
     [90m     |[39m     
                          
          
[31m[1m^[22m[39m
     [90m 885 |[39m     
    expect([33mArray[39m
[33m.[39misArray(templat
e[33m.[39mmustNotContain
))[33m.[39mtoBe([36mtru
e[39m)[33m;[39m
     [90m 886 |[39m     
  })[33m;[39m
     [90m 887 |[39m     
})[33m;[39m[0m

      at 
Object.<anonymous> (__test
s__/counselor-engine.test.
ts:884:41)

  ΓùÅ Response Template 
Validation ΓÇ║ Template: 
death_euthanasia ΓÇ║ 
should have 
mustNotContain 
requirements defined

    expect(received).toBeD
efined()

    Received: undefined

    [0m [90m 882 |[39m 
      
     [90m 883 |[39m     
  it([32m'should have 
mustNotContain 
requirements 
defined'[39m[33m,[39m 
() [33m=>[39m {
    
[31m[1m>[22m[39m[90m 
884 |[39m         expect(
template[33m.[39mmustNot
Contain)[33m.[39mtoBeDef
ined()[33m;[39m
     [90m     |[39m     
                          
          
[31m[1m^[22m[39m
     [90m 885 |[39m     
    expect([33mArray[39m
[33m.[39misArray(templat
e[33m.[39mmustNotContain
))[33m.[39mtoBe([36mtru
e[39m)[33m;[39m
     [90m 886 |[39m     
  })[33m;[39m
     [90m 887 |[39m     
})[33m;[39m[0m

      at 
Object.<anonymous> (__test
s__/counselor-engine.test.
ts:884:41)

  ΓùÅ Response Template 
Validation ΓÇ║ Template: 
death_general ΓÇ║ should 
have mustNotContain 
requirements defined

    expect(received).toBeD
efined()

    Received: undefined

    [0m [90m 882 |[39m 
      
     [90m 883 |[39m     
  it([32m'should have 
mustNotContain 
requirements 
defined'[39m[33m,[39m 
() [33m=>[39m {
    
[31m[1m>[22m[39m[90m 
884 |[39m         expect(
template[33m.[39mmustNot
Contain)[33m.[39mtoBeDef
ined()[33m;[39m
     [90m     |[39m     
                          
          
[31m[1m^[22m[39m
     [90m 885 |[39m     
    expect([33mArray[39m
[33m.[39misArray(templat
e[33m.[39mmustNotContain
))[33m.[39mtoBe([36mtru
e[39m)[33m;[39m
     [90m 886 |[39m     
  })[33m;[39m
     [90m 887 |[39m     
})[33m;[39m[0m

      at 
Object.<anonymous> (__test
s__/counselor-engine.test.
ts:884:41)

  ΓùÅ Response Template 
Validation ΓÇ║ Template: 
death_found_deceased ΓÇ║ 
should have 
mustNotContain 
requirements defined

    expect(received).toBeD
efined()

    Received: undefined

    [0m [90m 882 |[39m 
      
     [90m 883 |[39m     
  it([32m'should have 
mustNotContain 
requirements 
defined'[39m[33m,[39m 
() [33m=>[39m {
    
[31m[1m>[22m[39m[90m 
884 |[39m         expect(
template[33m.[39mmustNot
Contain)[33m.[39mtoBeDef
ined()[33m;[39m
     [90m     |[39m     
                          
          
[31m[1m^[22m[39m
     [90m 885 |[39m     
    expect([33mArray[39m
[33m.[39misArray(templat
e[33m.[39mmustNotContain
))[33m.[39mtoBe([36mtru
e[39m)[33m;[39m
     [90m 886 |[39m     
  })[33m;[39m
     [90m 887 |[39m     
})[33m;[39m[0m

      at 
Object.<anonymous> (__test
s__/counselor-engine.test.
ts:884:41)

  ΓùÅ Response Template 
Validation ΓÇ║ Template: 
anticipatory ΓÇ║ should 
have mustNotContain 
requirements defined

    expect(received).toBeD
efined()

    Received: undefined

    [0m [90m 882 |[39m 
      
     [90m 883 |[39m     
  it([32m'should have 
mustNotContain 
requirements 
defined'[39m[33m,[39m 
() [33m=>[39m {
    
[31m[1m>[22m[39m[90m 
884 |[39m         expect(
template[33m.[39mmustNot
Contain)[33m.[39mtoBeDef
ined()[33m;[39m
     [90m     |[39m     
                          
          
[31m[1m^[22m[39m
     [90m 885 |[39m     
    expect([33mArray[39m
[33m.[39misArray(templat
e[33m.[39mmustNotContain
))[33m.[39mtoBe([36mtru
e[39m)[33m;[39m
     [90m 886 |[39m     
  })[33m;[39m
     [90m 887 |[39m     
})[33m;[39m[0m

      at 
Object.<anonymous> (__test
s__/counselor-engine.test.
ts:884:41)

  ΓùÅ Response Template 
Validation ΓÇ║ Template: 
scam_alert ΓÇ║ should 
have mustNotContain 
requirements defined

    expect(received).toBeD
efined()

    Received: undefined

    [0m [90m 882 |[39m 
      
     [90m 883 |[39m     
  it([32m'should have 
mustNotContain 
requirements 
defined'[39m[33m,[39m 
() [33m=>[39m {
    
[31m[1m>[22m[39m[90m 
884 |[39m         expect(
template[33m.[39mmustNot
Contain)[33m.[39mtoBeDef
ined()[33m;[39m
     [90m     |[39m     
                          
          
[31m[1m^[22m[39m
     [90m 885 |[39m     
    expect([33mArray[39m
[33m.[39misArray(templat
e[33m.[39mmustNotContain
))[33m.[39mtoBe([36mtru
e[39m)[33m;[39m
     [90m 886 |[39m     
  })[33m;[39m
     [90m 887 |[39m     
})[33m;[39m[0m

      at 
Object.<anonymous> (__test
s__/counselor-engine.test.
ts:884:41)

  ΓùÅ Response Template 
Validation ΓÇ║ Template: 
scam ΓÇ║ should have 
mustNotContain 
requirements defined

    expect(received).toBeD
efined()

    Received: undefined

    [0m [90m 882 |[39m 
      
     [90m 883 |[39m     
  it([32m'should have 
mustNotContain 
requirements 
defined'[39m[33m,[39m 
() [33m=>[39m {
    
[31m[1m>[22m[39m[90m 
884 |[39m         expect(
template[33m.[39mmustNot
Contain)[33m.[39mtoBeDef
ined()[33m;[39m
     [90m     |[39m     
                          
          
[31m[1m^[22m[39m
     [90m 885 |[39m     
    expect([33mArray[39m
[33m.[39misArray(templat
e[33m.[39mmustNotContain
))[33m.[39mtoBe([36mtru
e[39m)[33m;[39m
     [90m 886 |[39m     
  })[33m;[39m
     [90m 887 |[39m     
})[33m;[39m[0m

      at 
Object.<anonymous> (__test
s__/counselor-engine.test.
ts:884:41)

  ΓùÅ Response Template 
Validation ΓÇ║ Template: 
lost_pet ΓÇ║ should have 
mustNotContain 
requirements defined

    expect(received).toBeD
efined()

    Received: undefined

    [0m [90m 882 |[39m 
      
     [90m 883 |[39m     
  it([32m'should have 
mustNotContain 
requirements 
defined'[39m[33m,[39m 
() [33m=>[39m {
    
[31m[1m>[22m[39m[90m 
884 |[39m         expect(
template[33m.[39mmustNot
Contain)[33m.[39mtoBeDef
ined()[33m;[39m
     [90m     |[39m     
                          
          
[31m[1m^[22m[39m
     [90m 885 |[39m     
    expect([33mArray[39m
[33m.[39misArray(templat
e[33m.[39mmustNotContain
))[33m.[39mtoBe([36mtru
e[39m)[33m;[39m
     [90m 886 |[39m     
  })[33m;[39m
     [90m 887 |[39m     
})[33m;[39m[0m

      at 
Object.<anonymous> (__test
s__/counselor-engine.test.
ts:884:41)

  ΓùÅ Response Template 
Validation ΓÇ║ Template: 
found_pet ΓÇ║ should have 
mustNotContain 
requirements defined

    expect(received).toBeD
efined()

    Received: undefined

    [0m [90m 882 |[39m 
      
     [90m 883 |[39m     
  it([32m'should have 
mustNotContain 
requirements 
defined'[39m[33m,[39m 
() [33m=>[39m {
    
[31m[1m>[22m[39m[90m 
884 |[39m         expect(
template[33m.[39mmustNot
Contain)[33m.[39mtoBeDef
ined()[33m;[39m
     [90m     |[39m     
                          
          
[31m[1m^[22m[39m
     [90m 885 |[39m     
    expect([33mArray[39m
[33m.[39misArray(templat
e[33m.[39mmustNotContain
))[33m.[39mtoBe([36mtru
e[39m)[33m;[39m
     [90m 886 |[39m     
  })[33m;[39m
     [90m 887 |[39m     
})[33m;[39m[0m

      at 
Object.<anonymous> (__test
s__/counselor-engine.test.
ts:884:41)

  ΓùÅ Response Template 
Validation ΓÇ║ Template: 
guilt_cbt ΓÇ║ should have 
mustNotContain 
requirements defined

    expect(received).toBeD
efined()

    Received: undefined

    [0m [90m 882 |[39m 
      
     [90m 883 |[39m     
  it([32m'should have 
mustNotContain 
requirements 
defined'[39m[33m,[39m 
() [33m=>[39m {
    
[31m[1m>[22m[39m[90m 
884 |[39m         expect(
template[33m.[39mmustNot
Contain)[33m.[39mtoBeDef
ined()[33m;[39m
     [90m     |[39m     
                          
          
[31m[1m^[22m[39m
     [90m 885 |[39m     
    expect([33mArray[39m
[33m.[39misArray(templat
e[33m.[39mmustNotContain
))[33m.[39mtoBe([36mtru
e[39m)[33m;[39m
     [90m 886 |[39m     
  })[33m;[39m
     [90m 887 |[39m     
})[33m;[39m[0m

      at 
Object.<anonymous> (__test
s__/counselor-engine.test.
ts:884:41)

  ΓùÅ Response Template 
Validation ΓÇ║ Template: 
disenfranchised ΓÇ║ 
should have 
mustNotContain 
requirements defined

    expect(received).toBeD
efined()

    Received: undefined

    [0m [90m 882 |[39m 
      
     [90m 883 |[39m     
  it([32m'should have 
mustNotContain 
requirements 
defined'[39m[33m,[39m 
() [33m=>[39m {
    
[31m[1m>[22m[39m[90m 
884 |[39m         expect(
template[33m.[39mmustNot
Contain)[33m.[39mtoBeDef
ined()[33m;[39m
     [90m     |[39m     
                          
          
[31m[1m^[22m[39m
     [90m 885 |[39m     
    expect([33mArray[39m
[33m.[39misArray(templat
e[33m.[39mmustNotContain
))[33m.[39mtoBe([36mtru
e[39m)[33m;[39m
     [90m 886 |[39m     
  })[33m;[39m
     [90m 887 |[39m     
})[33m;[39m[0m

      at 
Object.<anonymous> (__test
s__/counselor-engine.test.
ts:884:41)

  ΓùÅ Response Template 
Validation ΓÇ║ Template: 
pediatric ΓÇ║ should have 
mustNotContain 
requirements defined

    expect(received).toBeD
efined()

    Received: undefined

    [0m [90m 882 |[39m 
      
     [90m 883 |[39m     
  it([32m'should have 
mustNotContain 
requirements 
defined'[39m[33m,[39m 
() [33m=>[39m {
    
[31m[1m>[22m[39m[90m 
884 |[39m         expect(
template[33m.[39mmustNot
Contain)[33m.[39mtoBeDef
ined()[33m;[39m
     [90m     |[39m     
                          
          
[31m[1m^[22m[39m
     [90m 885 |[39m     
    expect([33mArray[39m
[33m.[39misArray(templat
e[33m.[39mmustNotContain
))[33m.[39mtoBe([36mtru
e[39m)[33m;[39m
     [90m 886 |[39m     
  })[33m;[39m
     [90m 887 |[39m     
})[33m;[39m[0m

      at 
Object.<anonymous> (__test
s__/counselor-engine.test.
ts:884:41)

  ΓùÅ Response Template 
Validation ΓÇ║ Template: 
quality_of_life ΓÇ║ 
should have 
mustNotContain 
requirements defined

    expect(received).toBeD
efined()

    Received: undefined

    [0m [90m 882 |[39m 
      
     [90m 883 |[39m     
  it([32m'should have 
mustNotContain 
requirements 
defined'[39m[33m,[39m 
() [33m=>[39m {
    
[31m[1m>[22m[39m[90m 
884 |[39m         expect(
template[33m.[39mmustNot
Contain)[33m.[39mtoBeDef
ined()[33m;[39m
     [90m     |[39m     
                          
          
[31m[1m^[22m[39m
     [90m 885 |[39m     
    expect([33mArray[39m
[33m.[39misArray(templat
e[33m.[39mmustNotContain
))[33m.[39mtoBe([36mtru
e[39m)[33m;[39m
     [90m 886 |[39m     
  })[33m;[39m
     [90m 887 |[39m     
})[33m;[39m[0m

      at 
Object.<anonymous> (__test
s__/counselor-engine.test.
ts:884:41)

  ΓùÅ Response Template 
Validation ΓÇ║ Template: 
behavioral_euthanasia ΓÇ║ 
should have mustContain 
requirements defined

    expect(received).toBeD
efined()

    Received: undefined

    [0m [90m 877 |[39m 
    
describe([32m`Template: $
{category}`[39m[33m,[39
m () [33m=>[39m {
     [90m 878 |[39m     
  it([32m'should have 
mustContain requirements 
defined'[39m[33m,[39m 
() [33m=>[39m {
    
[31m[1m>[22m[39m[90m 
879 |[39m         expect(
template[33m.[39mmustCon
tain)[33m.[39mtoBeDefine
d()[33m;[39m
     [90m     |[39m     
                          
       
[31m[1m^[22m[39m
     [90m 880 |[39m     
    expect([33mArray[39m
[33m.[39misArray(templat
e[33m.[39mmustContain))
[33m.[39mtoBe([36mtrue[
39m)[33m;[39m
     [90m 881 |[39m     
  })[33m;[39m
     [90m 882 |[39m     
  [0m

      at 
Object.<anonymous> (__test
s__/counselor-engine.test.
ts:879:38)

  ΓùÅ Response Template 
Validation ΓÇ║ Template: 
behavioral_euthanasia ΓÇ║ 
should have 
mustNotContain 
requirements defined

    expect(received).toBeD
efined()

    Received: undefined

    [0m [90m 882 |[39m 
      
     [90m 883 |[39m     
  it([32m'should have 
mustNotContain 
requirements 
defined'[39m[33m,[39m 
() [33m=>[39m {
    
[31m[1m>[22m[39m[90m 
884 |[39m         expect(
template[33m.[39mmustNot
Contain)[33m.[39mtoBeDef
ined()[33m;[39m
     [90m     |[39m     
                          
          
[31m[1m^[22m[39m
     [90m 885 |[39m     
    expect([33mArray[39m
[33m.[39misArray(templat
e[33m.[39mmustNotContain
))[33m.[39mtoBe([36mtru
e[39m)[33m;[39m
     [90m 886 |[39m     
  })[33m;[39m
     [90m 887 |[39m     
})[33m;[39m[0m

      at 
Object.<anonymous> (__test
s__/counselor-engine.test.
ts:884:41)

  ΓùÅ Hotline Validation 
ΓÇ║ should include Vet 
Social Work line in 
high-risk responses

    expect(received).toCon
tain(expected) // indexOf

    Expected substring: 
"865-755-8839"
    Received string:    
"I hear you, and I want 
you to know **your life 
has value**. I can't keep 
you safe by myself, but I 
can help you reach people 
who can.┬╖
    ≡ƒô₧ **{HOTLINES.{REGI
ON}.crisis_988}** ΓÇö 
call or text now
    ≡ƒô₧ **Veterinary 
Social Work Helpline: {HOT
LINES.US.ut_vet_social_wor
k}**┬╖
    If you feel like you 
might act on this, call **
{HOTLINES.{REGION}.emergen
cy}** immediately.┬╖
    Are you alone right 
now?"

    [0m [90m 934 |[39m 
  it([32m'should include 
Vet Social Work line in 
high-risk responses'[39m
[33m,[39m () 
[33m=>[39m {
     [90m 935 |[39m     
[36mconst[39m result 
[33m=[39m generateCompan
ionResponse([32m"I want 
to join my 
dog"[39m)[33m;[39m
    
[31m[1m>[22m[39m[90m 
936 |[39m     expect(resu
lt[33m.[39mresponse)[33
m.[39mtoContain([32m'865
-755-8839'[39m)[33m;[39
m
     [90m     |[39m     
                        
[31m[1m^[22m[39m
     [90m 937 |[39m   
})[33m;[39m
     [90m 938 |[39m 
})[33m;[39m
     [90m 939 |[39m[0m

      at 
Object.<anonymous> (__test
s__/counselor-engine.test.
ts:936:29)

Test Suites: 1 failed, 4 
passed, 5 total
Tests:       47 failed, 
208 passed, 255 total
Snapshots:   0 total
Time:        5.32 s
Ran all test suites.
